127.0.0.1 - - [28/Aug/2022:14:29:15 +0800] "PUT /nacos/v1/ns/instance/beat?app=unknown&serviceName=DEFAULT_GROUP%40%40gatewat&namespaceId=public&port=8080&clusterName=DEFAULT&ip=192.168.101.3 HTTP/1.1" 200 75 3 Nacos-Java-Client:v1.4.1 -
127.0.0.1 - - [28/Aug/2022:14:29:15 +0800] "PUT /nacos/v1/ns/instance/beat?app=unknown&serviceName=DEFAULT_GROUP%40%40ticket-service&namespaceId=public&port=9006&clusterName=DEFAULT&ip=192.168.101.3 HTTP/1.1" 200 75 3 Nacos-Java-Client:v1.4.1 -
127.0.0.1 - - [28/Aug/2022:14:29:20 +0800] "POST /nacos/v1/cs/configs/listener HTTP/1.1" 200 - 29505 Java/1.8.0_131 -
127.0.0.1 - - [28/Aug/2022:14:29:20 +0800] "PUT /nacos/v1/ns/instance/beat?app=unknown&serviceName=DEFAULT_GROUP%40%40ticket-service&namespaceId=public&port=9006&clusterName=DEFAULT&ip=192.168.101.3 HTTP/1.1" 200 75 4 Nacos-Java-Client:v1.4.1 -
127.0.0.1 - - [28/Aug/2022:14:29:20 +0800] "PUT /nacos/v1/ns/instance/beat?app=unknown&serviceName=DEFAULT_GROUP%40%40gatewat&namespaceId=public&port=8080&clusterName=DEFAULT&ip=192.168.101.3 HTTP/1.1" 200 75 4 Nacos-Java-Client:v1.4.1 -
127.0.0.1 - - [28/Aug/2022:14:29:22 +0800] "POST /nacos/v1/cs/configs/listener HTTP/1.1" 200 - 29505 Java/1.8.0_131 -
127.0.0.1 - - [28/Aug/2022:14:29:23 +0800] "GET /nacos/v1/ns/instance/list?app=unknown&healthyOnly=false&namespaceId=public&clientIP=192.168.125.1&serviceName=DEFAULT_GROUP%40%40gatewat&udpPort=64812&clusters=DEFAULT HTTP/1.1" 200 555 3 Nacos-Java-Client:v1.4.1 -
127.0.0.1 - - [28/Aug/2022:14:29:24 +0800] "GET /nacos/v1/ns/instance/list?app=unknown&healthyOnly=false&namespaceId=public&clientIP=192.168.125.1&serviceName=DEFAULT_GROUP%40%40ticket-service&udpPort=50109&clusters=DEFAULT HTTP/1.1" 200 583 3 Nacos-Java-Client:v1.4.1 -
127.0.0.1 - - [28/Aug/2022:14:29:25 +0800] "PUT /nacos/v1/ns/instance/beat?app=unknown&serviceName=DEFAULT_GROUP%40%40ticket-service&namespaceId=public&port=9006&clusterName=DEFAULT&ip=192.168.101.3 HTTP/1.1" 200 75 2 Nacos-Java-Client:v1.4.1 -
127.0.0.1 - - [28/Aug/2022:14:29:25 +0800] "PUT /nacos/v1/ns/instance/beat?app=unknown&serviceName=DEFAULT_GROUP%40%40gatewat&namespaceId=public&port=8080&clusterName=DEFAULT&ip=192.168.101.3 HTTP/1.1" 200 75 3 Nacos-Java-Client:v1.4.1 -
127.0.0.1 - - [28/Aug/2022:14:29:30 +0800] "PUT /nacos/v1/ns/instance/beat?app=unknown&serviceName=DEFAULT_GROUP%40%40ticket-service&namespaceId=public&port=9006&clusterName=DEFAULT&ip=192.168.101.3 HTTP/1.1" 200 75 3 Nacos-Java-Client:v1.4.1 -
127.0.0.1 - - [28/Aug/2022:14:29:30 +0800] "PUT /nacos/v1/ns/instance/beat?app=unknown&serviceName=DEFAULT_GROUP%40%40gatewat&namespaceId=public&port=8080&clusterName=DEFAULT&ip=192.168.101.3 HTTP/1.1" 200 75 3 Nacos-Java-Client:v1.4.1 -
127.0.0.1 - - [28/Aug/2022:14:29:33 +0800] "GET /nacos/v1/ns/instance/list?app=unknown&healthyOnly=false&namespaceId=public&clientIP=192.168.125.1&serviceName=DEFAULT_GROUP%40%40gatewat&udpPort=64812&clusters=DEFAULT HTTP/1.1" 200 555 3 Nacos-Java-Client:v1.4.1 -
0:0:0:0:0:0:0:1 - - [28/Aug/2022:14:29:34 +0800] "GET /nacos/v1/cs/configs?show=all&dataId=common.yaml&group=DEFAULT_GROUP&tenant=&accessToken=eyJhbGciOiJIUzI1NiJ9.eyJzdWIiOiJuYWNvcyIsImV4cCI6MTY2MDIxNzMyOX0.npYTW4eUjQXJCRP6kJXjPQjwzUCDmET92BLnFA-o53I&namespaceId= HTTP/1.1" 200 884 4 Mozilla/5.0 (Windows NT 10.0; Win64; x64) AppleWebKit/537.36 (KHTML, like Gecko) Chrome/104.0.0.0 Safari/537.36 -
127.0.0.1 - - [28/Aug/2022:14:29:34 +0800] "GET /nacos/v1/ns/instance/list?app=unknown&healthyOnly=false&namespaceId=public&clientIP=192.168.125.1&serviceName=DEFAULT_GROUP%40%40ticket-service&udpPort=50109&clusters=DEFAULT HTTP/1.1" 200 583 3 Nacos-Java-Client:v1.4.1 -
127.0.0.1 - - [28/Aug/2022:14:29:35 +0800] "PUT /nacos/v1/ns/instance/beat?app=unknown&serviceName=DEFAULT_GROUP%40%40ticket-service&namespaceId=public&port=9006&clusterName=DEFAULT&ip=192.168.101.3 HTTP/1.1" 200 75 2 Nacos-Java-Client:v1.4.1 -
127.0.0.1 - - [28/Aug/2022:14:29:35 +0800] "PUT /nacos/v1/ns/instance/beat?app=unknown&serviceName=DEFAULT_GROUP%40%40gatewat&namespaceId=public&port=8080&clusterName=DEFAULT&ip=192.168.101.3 HTTP/1.1" 200 75 2 Nacos-Java-Client:v1.4.1 -
127.0.0.1 - - [28/Aug/2022:14:29:40 +0800] "PUT /nacos/v1/ns/instance/beat?app=unknown&serviceName=DEFAULT_GROUP%40%40gatewat&namespaceId=public&port=8080&clusterName=DEFAULT&ip=192.168.101.3 HTTP/1.1" 200 75 3 Nacos-Java-Client:v1.4.1 -
127.0.0.1 - - [28/Aug/2022:14:29:40 +0800] "PUT /nacos/v1/ns/instance/beat?app=unknown&serviceName=DEFAULT_GROUP%40%40ticket-service&namespaceId=public&port=9006&clusterName=DEFAULT&ip=192.168.101.3 HTTP/1.1" 200 75 3 Nacos-Java-Client:v1.4.1 -
127.0.0.1 - - [28/Aug/2022:14:29:43 +0800] "GET /nacos/v1/ns/instance/list?app=unknown&healthyOnly=false&namespaceId=public&clientIP=192.168.125.1&serviceName=DEFAULT_GROUP%40%40gatewat&udpPort=64812&clusters=DEFAULT HTTP/1.1" 200 555 2 Nacos-Java-Client:v1.4.1 -
127.0.0.1 - - [28/Aug/2022:14:29:44 +0800] "GET /nacos/v1/ns/instance/list?app=unknown&healthyOnly=false&namespaceId=public&clientIP=192.168.125.1&serviceName=DEFAULT_GROUP%40%40ticket-service&udpPort=50109&clusters=DEFAULT HTTP/1.1" 200 583 2 Nacos-Java-Client:v1.4.1 -
127.0.0.1 - - [28/Aug/2022:14:29:45 +0800] "PUT /nacos/v1/ns/instance/beat?app=unknown&serviceName=DEFAULT_GROUP%40%40gatewat&namespaceId=public&port=8080&clusterName=DEFAULT&ip=192.168.101.3 HTTP/1.1" 200 75 3 Nacos-Java-Client:v1.4.1 -
127.0.0.1 - - [28/Aug/2022:14:29:45 +0800] "PUT /nacos/v1/ns/instance/beat?app=unknown&serviceName=DEFAULT_GROUP%40%40ticket-service&namespaceId=public&port=9006&clusterName=DEFAULT&ip=192.168.101.3 HTTP/1.1" 200 75 3 Nacos-Java-Client:v1.4.1 -
127.0.0.1 - - [28/Aug/2022:14:29:49 +0800] "POST /nacos/v1/cs/configs/listener HTTP/1.1" 200 - 29507 Java/1.8.0_131 -
127.0.0.1 - - [28/Aug/2022:14:29:50 +0800] "PUT /nacos/v1/ns/instance/beat?app=unknown&serviceName=DEFAULT_GROUP%40%40ticket-service&namespaceId=public&port=9006&clusterName=DEFAULT&ip=192.168.101.3 HTTP/1.1" 200 75 2 Nacos-Java-Client:v1.4.1 -
127.0.0.1 - - [28/Aug/2022:14:29:50 +0800] "PUT /nacos/v1/ns/instance/beat?app=unknown&serviceName=DEFAULT_GROUP%40%40gatewat&namespaceId=public&port=8080&clusterName=DEFAULT&ip=192.168.101.3 HTTP/1.1" 200 75 2 Nacos-Java-Client:v1.4.1 -
127.0.0.1 - - [28/Aug/2022:14:29:52 +0800] "POST /nacos/v1/cs/configs/listener HTTP/1.1" 200 - 29509 Java/1.8.0_131 -
127.0.0.1 - - [28/Aug/2022:14:29:53 +0800] "GET /nacos/v1/ns/instance/list?app=unknown&healthyOnly=false&namespaceId=public&clientIP=192.168.125.1&serviceName=DEFAULT_GROUP%40%40gatewat&udpPort=64812&clusters=DEFAULT HTTP/1.1" 200 555 2 Nacos-Java-Client:v1.4.1 -
127.0.0.1 - - [28/Aug/2022:14:29:54 +0800] "GET /nacos/v1/ns/instance/list?app=unknown&healthyOnly=false&namespaceId=public&clientIP=192.168.125.1&serviceName=DEFAULT_GROUP%40%40ticket-service&udpPort=50109&clusters=DEFAULT HTTP/1.1" 200 583 3 Nacos-Java-Client:v1.4.1 -
127.0.0.1 - - [28/Aug/2022:14:29:55 +0800] "PUT /nacos/v1/ns/instance/beat?app=unknown&serviceName=DEFAULT_GROUP%40%40gatewat&namespaceId=public&port=8080&clusterName=DEFAULT&ip=192.168.101.3 HTTP/1.1" 200 75 2 Nacos-Java-Client:v1.4.1 -
127.0.0.1 - - [28/Aug/2022:14:29:55 +0800] "PUT /nacos/v1/ns/instance/beat?app=unknown&serviceName=DEFAULT_GROUP%40%40ticket-service&namespaceId=public&port=9006&clusterName=DEFAULT&ip=192.168.101.3 HTTP/1.1" 200 75 2 Nacos-Java-Client:v1.4.1 -
127.0.0.1 - - [28/Aug/2022:14:30:00 +0800] "PUT /nacos/v1/ns/instance/beat?app=unknown&serviceName=DEFAULT_GROUP%40%40gatewat&namespaceId=public&port=8080&clusterName=DEFAULT&ip=192.168.101.3 HTTP/1.1" 200 75 1 Nacos-Java-Client:v1.4.1 -
127.0.0.1 - - [28/Aug/2022:14:30:00 +0800] "PUT /nacos/v1/ns/instance/beat?app=unknown&serviceName=DEFAULT_GROUP%40%40ticket-service&namespaceId=public&port=9006&clusterName=DEFAULT&ip=192.168.101.3 HTTP/1.1" 200 75 2 Nacos-Java-Client:v1.4.1 -
127.0.0.1 - - [28/Aug/2022:14:30:03 +0800] "GET /nacos/v1/ns/instance/list?app=unknown&healthyOnly=false&namespaceId=public&clientIP=192.168.125.1&serviceName=DEFAULT_GROUP%40%40gatewat&udpPort=64812&clusters=DEFAULT HTTP/1.1" 200 555 3 Nacos-Java-Client:v1.4.1 -
127.0.0.1 - - [28/Aug/2022:14:30:04 +0800] "GET /nacos/v1/ns/instance/list?app=unknown&healthyOnly=false&namespaceId=public&clientIP=192.168.125.1&serviceName=DEFAULT_GROUP%40%40ticket-service&udpPort=50109&clusters=DEFAULT HTTP/1.1" 200 583 4 Nacos-Java-Client:v1.4.1 -
127.0.0.1 - - [28/Aug/2022:14:30:05 +0800] "PUT /nacos/v1/ns/instance/beat?app=unknown&serviceName=DEFAULT_GROUP%40%40gatewat&namespaceId=public&port=8080&clusterName=DEFAULT&ip=192.168.101.3 HTTP/1.1" 200 75 2 Nacos-Java-Client:v1.4.1 -
127.0.0.1 - - [28/Aug/2022:14:30:05 +0800] "PUT /nacos/v1/ns/instance/beat?app=unknown&serviceName=DEFAULT_GROUP%40%40ticket-service&namespaceId=public&port=9006&clusterName=DEFAULT&ip=192.168.101.3 HTTP/1.1" 200 75 2 Nacos-Java-Client:v1.4.1 -
127.0.0.1 - - [28/Aug/2022:14:30:10 +0800] "PUT /nacos/v1/ns/instance/beat?app=unknown&serviceName=DEFAULT_GROUP%40%40gatewat&namespaceId=public&port=8080&clusterName=DEFAULT&ip=192.168.101.3 HTTP/1.1" 200 75 2 Nacos-Java-Client:v1.4.1 -
127.0.0.1 - - [28/Aug/2022:14:30:10 +0800] "PUT /nacos/v1/ns/instance/beat?app=unknown&serviceName=DEFAULT_GROUP%40%40ticket-service&namespaceId=public&port=9006&clusterName=DEFAULT&ip=192.168.101.3 HTTP/1.1" 200 75 3 Nacos-Java-Client:v1.4.1 -
0:0:0:0:0:0:0:1 - - [28/Aug/2022:14:30:12 +0800] "GET /nacos/v1/cs/configs?dataId=&group=&appName=&config_tags=&pageNo=1&pageSize=10&tenant=&search=accurate&accessToken=eyJhbGciOiJIUzI1NiJ9.eyJzdWIiOiJuYWNvcyIsImV4cCI6MTY2MDIxNzMyOX0.npYTW4eUjQXJCRP6kJXjPQjwzUCDmET92BLnFA-o53I HTTP/1.1" 200 1715 6 Mozilla/5.0 (Windows NT 10.0; Win64; x64) AppleWebKit/537.36 (KHTML, like Gecko) Chrome/104.0.0.0 Safari/537.36 -
127.0.0.1 - - [28/Aug/2022:14:30:13 +0800] "GET /nacos/v1/ns/instance/list?app=unknown&healthyOnly=false&namespaceId=public&clientIP=192.168.125.1&serviceName=DEFAULT_GROUP%40%40gatewat&udpPort=64812&clusters=DEFAULT HTTP/1.1" 200 555 2 Nacos-Java-Client:v1.4.1 -
0:0:0:0:0:0:0:1 - - [28/Aug/2022:14:30:14 +0800] "GET /nacos/v1/cs/configs?dataId=common.yaml&group=DEFAULT_GROUP&namespaceId=&tenant=&beta=true&accessToken=eyJhbGciOiJIUzI1NiJ9.eyJzdWIiOiJuYWNvcyIsImV4cCI6MTY2MDIxNzMyOX0.npYTW4eUjQXJCRP6kJXjPQjwzUCDmET92BLnFA-o53I HTTP/1.1" 200 60 3 Mozilla/5.0 (Windows NT 10.0; Win64; x64) AppleWebKit/537.36 (KHTML, like Gecko) Chrome/104.0.0.0 Safari/537.36 -
0:0:0:0:0:0:0:1 - - [28/Aug/2022:14:30:14 +0800] "GET /nacos/v1/cs/configs?dataId=common.yaml&group=DEFAULT_GROUP&namespaceId=&tenant=&show=all&accessToken=eyJhbGciOiJIUzI1NiJ9.eyJzdWIiOiJuYWNvcyIsImV4cCI6MTY2MDIxNzMyOX0.npYTW4eUjQXJCRP6kJXjPQjwzUCDmET92BLnFA-o53I HTTP/1.1" 200 884 3 Mozilla/5.0 (Windows NT 10.0; Win64; x64) AppleWebKit/537.36 (KHTML, like Gecko) Chrome/104.0.0.0 Safari/537.36 -
127.0.0.1 - - [28/Aug/2022:14:30:14 +0800] "GET /nacos/v1/ns/instance/list?app=unknown&healthyOnly=false&namespaceId=public&clientIP=192.168.125.1&serviceName=DEFAULT_GROUP%40%40ticket-service&udpPort=50109&clusters=DEFAULT HTTP/1.1" 200 583 2 Nacos-Java-Client:v1.4.1 -
127.0.0.1 - - [28/Aug/2022:14:30:15 +0800] "PUT /nacos/v1/ns/instance/beat?app=unknown&serviceName=DEFAULT_GROUP%40%40ticket-service&namespaceId=public&port=9006&clusterName=DEFAULT&ip=192.168.101.3 HTTP/1.1" 200 75 2 Nacos-Java-Client:v1.4.1 -
127.0.0.1 - - [28/Aug/2022:14:30:15 +0800] "PUT /nacos/v1/ns/instance/beat?app=unknown&serviceName=DEFAULT_GROUP%40%40gatewat&namespaceId=public&port=8080&clusterName=DEFAULT&ip=192.168.101.3 HTTP/1.1" 200 75 2 Nacos-Java-Client:v1.4.1 -
127.0.0.1 - - [28/Aug/2022:14:30:19 +0800] "POST /nacos/v1/cs/configs/listener HTTP/1.1" 200 - 29506 Java/1.8.0_131 -
127.0.0.1 - - [28/Aug/2022:14:30:20 +0800] "PUT /nacos/v1/ns/instance/beat?app=unknown&serviceName=DEFAULT_GROUP%40%40ticket-service&namespaceId=public&port=9006&clusterName=DEFAULT&ip=192.168.101.3 HTTP/1.1" 200 75 2 Nacos-Java-Client:v1.4.1 -
127.0.0.1 - - [28/Aug/2022:14:30:20 +0800] "PUT /nacos/v1/ns/instance/beat?app=unknown&serviceName=DEFAULT_GROUP%40%40gatewat&namespaceId=public&port=8080&clusterName=DEFAULT&ip=192.168.101.3 HTTP/1.1" 200 75 2 Nacos-Java-Client:v1.4.1 -
127.0.0.1 - - [28/Aug/2022:14:30:21 +0800] "POST /nacos/v1/cs/configs/listener HTTP/1.1" 200 - 29509 Java/1.8.0_131 -
127.0.0.1 - - [28/Aug/2022:14:30:23 +0800] "GET /nacos/v1/ns/instance/list?app=unknown&healthyOnly=false&namespaceId=public&clientIP=192.168.125.1&serviceName=DEFAULT_GROUP%40%40gatewat&udpPort=64812&clusters=DEFAULT HTTP/1.1" 200 555 3 Nacos-Java-Client:v1.4.1 -
127.0.0.1 - - [28/Aug/2022:14:30:24 +0800] "GET /nacos/v1/ns/instance/list?app=unknown&healthyOnly=false&namespaceId=public&clientIP=192.168.125.1&serviceName=DEFAULT_GROUP%40%40ticket-service&udpPort=50109&clusters=DEFAULT HTTP/1.1" 200 583 3 Nacos-Java-Client:v1.4.1 -
127.0.0.1 - - [28/Aug/2022:14:30:25 +0800] "PUT /nacos/v1/ns/instance/beat?app=unknown&serviceName=DEFAULT_GROUP%40%40gatewat&namespaceId=public&port=8080&clusterName=DEFAULT&ip=192.168.101.3 HTTP/1.1" 200 75 2 Nacos-Java-Client:v1.4.1 -
127.0.0.1 - - [28/Aug/2022:14:30:25 +0800] "PUT /nacos/v1/ns/instance/beat?app=unknown&serviceName=DEFAULT_GROUP%40%40ticket-service&namespaceId=public&port=9006&clusterName=DEFAULT&ip=192.168.101.3 HTTP/1.1" 200 75 2 Nacos-Java-Client:v1.4.1 -
127.0.0.1 - - [28/Aug/2022:14:30:30 +0800] "PUT /nacos/v1/ns/instance/beat?app=unknown&serviceName=DEFAULT_GROUP%40%40ticket-service&namespaceId=public&port=9006&clusterName=DEFAULT&ip=192.168.101.3 HTTP/1.1" 200 75 3 Nacos-Java-Client:v1.4.1 -
127.0.0.1 - - [28/Aug/2022:14:30:30 +0800] "PUT /nacos/v1/ns/instance/beat?app=unknown&serviceName=DEFAULT_GROUP%40%40gatewat&namespaceId=public&port=8080&clusterName=DEFAULT&ip=192.168.101.3 HTTP/1.1" 200 75 3 Nacos-Java-Client:v1.4.1 -
127.0.0.1 - - [28/Aug/2022:14:30:33 +0800] "GET /nacos/v1/ns/instance/list?app=unknown&healthyOnly=false&namespaceId=public&clientIP=192.168.125.1&serviceName=DEFAULT_GROUP%40%40gatewat&udpPort=64812&clusters=DEFAULT HTTP/1.1" 200 555 2 Nacos-Java-Client:v1.4.1 -
127.0.0.1 - - [28/Aug/2022:14:30:34 +0800] "GET /nacos/v1/ns/instance/list?app=unknown&healthyOnly=false&namespaceId=public&clientIP=192.168.125.1&serviceName=DEFAULT_GROUP%40%40ticket-service&udpPort=50109&clusters=DEFAULT HTTP/1.1" 200 583 3 Nacos-Java-Client:v1.4.1 -
127.0.0.1 - - [28/Aug/2022:14:30:35 +0800] "PUT /nacos/v1/ns/instance/beat?app=unknown&serviceName=DEFAULT_GROUP%40%40gatewat&namespaceId=public&port=8080&clusterName=DEFAULT&ip=192.168.101.3 HTTP/1.1" 200 75 2 Nacos-Java-Client:v1.4.1 -
127.0.0.1 - - [28/Aug/2022:14:30:35 +0800] "PUT /nacos/v1/ns/instance/beat?app=unknown&serviceName=DEFAULT_GROUP%40%40ticket-service&namespaceId=public&port=9006&clusterName=DEFAULT&ip=192.168.101.3 HTTP/1.1" 200 75 2 Nacos-Java-Client:v1.4.1 -
127.0.0.1 - - [28/Aug/2022:14:30:40 +0800] "PUT /nacos/v1/ns/instance/beat?app=unknown&serviceName=DEFAULT_GROUP%40%40gatewat&namespaceId=public&port=8080&clusterName=DEFAULT&ip=192.168.101.3 HTTP/1.1" 200 75 1 Nacos-Java-Client:v1.4.1 -
127.0.0.1 - - [28/Aug/2022:14:30:40 +0800] "PUT /nacos/v1/ns/instance/beat?app=unknown&serviceName=DEFAULT_GROUP%40%40ticket-service&namespaceId=public&port=9006&clusterName=DEFAULT&ip=192.168.101.3 HTTP/1.1" 200 75 1 Nacos-Java-Client:v1.4.1 -
0:0:0:0:0:0:0:1 - - [28/Aug/2022:14:30:40 +0800] "POST /nacos/v1/cs/configs?accessToken=eyJhbGciOiJIUzI1NiJ9.eyJzdWIiOiJuYWNvcyIsImV4cCI6MTY2MDIxNzMyOX0.npYTW4eUjQXJCRP6kJXjPQjwzUCDmET92BLnFA-o53I HTTP/1.1" 200 14 15 Mozilla/5.0 (Windows NT 10.0; Win64; x64) AppleWebKit/537.36 (KHTML, like Gecko) Chrome/104.0.0.0 Safari/537.36 -
192.168.101.3 - - [28/Aug/2022:14:30:40 +0800] "GET /nacos/v1/cs/communication/dataChange?dataId=common.yaml&group=DEFAULT_GROUP HTTP/1.1" 200 14 2 Apache-HttpAsyncClient/4.1.3 (Java/1.8.0_131) -
0:0:0:0:0:0:0:1 - - [28/Aug/2022:14:30:40 +0800] "GET /nacos/v1/cs/configs?dataId=common.yaml&group=DEFAULT_GROUP&namespaceId=&tenant=&show=all&accessToken=eyJhbGciOiJIUzI1NiJ9.eyJzdWIiOiJuYWNvcyIsImV4cCI6MTY2MDIxNzMyOX0.npYTW4eUjQXJCRP6kJXjPQjwzUCDmET92BLnFA-o53I HTTP/1.1" 200 882 4 Mozilla/5.0 (Windows NT 10.0; Win64; x64) AppleWebKit/537.36 (KHTML, like Gecko) Chrome/104.0.0.0 Safari/537.36 -
127.0.0.1 - - [28/Aug/2022:14:30:40 +0800] "POST /nacos/v1/cs/configs/listener HTTP/1.1" 200 32 19245 Java/1.8.0_131 -
127.0.0.1 - - [28/Aug/2022:14:30:40 +0800] "POST /nacos/v1/cs/configs/listener HTTP/1.1" 200 32 21570 Java/1.8.0_131 -
127.0.0.1 - - [28/Aug/2022:14:30:40 +0800] "GET /nacos/v1/cs/configs?dataId=common.yaml&group=DEFAULT_GROUP HTTP/1.1" 200 528 4 Java/1.8.0_131 -
127.0.0.1 - - [28/Aug/2022:14:30:40 +0800] "GET /nacos/v1/cs/configs?dataId=common.yaml&group=DEFAULT_GROUP HTTP/1.1" 200 528 4 Java/1.8.0_131 -
127.0.0.1 - - [28/Aug/2022:14:30:42 +0800] "GET /nacos/v1/cs/configs?dataId=common.yaml&group=DEFAULT_GROUP HTTP/1.1" 200 528 3 Java/1.8.0_131 -
127.0.0.1 - - [28/Aug/2022:14:30:42 +0800] "GET /nacos/v1/cs/configs?dataId=gatewat&group=DEFAULT_GROUP HTTP/1.1" 404 23 2 Java/1.8.0_131 -
127.0.0.1 - - [28/Aug/2022:14:30:42 +0800] "GET /nacos/v1/cs/configs?dataId=gatewat.yaml&group=DEFAULT_GROUP HTTP/1.1" 404 23 2 Java/1.8.0_131 -
127.0.0.1 - - [28/Aug/2022:14:30:42 +0800] "GET /nacos/v1/cs/configs?dataId=gatewat-dev.yaml&group=DEFAULT_GROUP HTTP/1.1" 404 23 2 Java/1.8.0_131 -
127.0.0.1 - - [28/Aug/2022:14:30:42 +0800] "GET /nacos/v1/cs/configs?dataId=common.yaml&group=DEFAULT_GROUP HTTP/1.1" 200 528 3 Java/1.8.0_131 -
127.0.0.1 - - [28/Aug/2022:14:30:42 +0800] "GET /nacos/v1/cs/configs?dataId=db.yaml&group=DEFAULT_GROUP HTTP/1.1" 200 645 2 Java/1.8.0_131 -
127.0.0.1 - - [28/Aug/2022:14:30:42 +0800] "GET /nacos/v1/cs/configs?dataId=ticket-service&group=DEFAULT_GROUP HTTP/1.1" 404 23 1 Java/1.8.0_131 -
127.0.0.1 - - [28/Aug/2022:14:30:42 +0800] "GET /nacos/v1/cs/configs?dataId=ticket-service.yaml&group=DEFAULT_GROUP HTTP/1.1" 404 23 2 Java/1.8.0_131 -
127.0.0.1 - - [28/Aug/2022:14:30:42 +0800] "GET /nacos/v1/cs/configs?dataId=ticket-service-dev.yaml&group=DEFAULT_GROUP HTTP/1.1" 200 32 3 Java/1.8.0_131 -
0:0:0:0:0:0:0:1 - - [28/Aug/2022:14:30:43 +0800] "GET /nacos/v1/cs/configs?dataId=&group=&appName=&config_tags=&pageNo=1&pageSize=10&tenant=&search=accurate&accessToken=eyJhbGciOiJIUzI1NiJ9.eyJzdWIiOiJuYWNvcyIsImV4cCI6MTY2MDIxNzMyOX0.npYTW4eUjQXJCRP6kJXjPQjwzUCDmET92BLnFA-o53I HTTP/1.1" 200 1713 5 Mozilla/5.0 (Windows NT 10.0; Win64; x64) AppleWebKit/537.36 (KHTML, like Gecko) Chrome/104.0.0.0 Safari/537.36 -
127.0.0.1 - - [28/Aug/2022:14:30:43 +0800] "GET /nacos/v1/ns/instance/list?app=unknown&healthyOnly=false&namespaceId=public&clientIP=192.168.125.1&serviceName=DEFAULT_GROUP%40%40gatewat&udpPort=64812&clusters=DEFAULT HTTP/1.1" 200 555 2 Nacos-Java-Client:v1.4.1 -
127.0.0.1 - - [28/Aug/2022:14:30:44 +0800] "GET /nacos/v1/ns/instance/list?app=unknown&healthyOnly=false&namespaceId=public&clientIP=192.168.125.1&serviceName=DEFAULT_GROUP%40%40ticket-service&udpPort=50109&clusters=DEFAULT HTTP/1.1" 200 583 2 Nacos-Java-Client:v1.4.1 -
127.0.0.1 - - [28/Aug/2022:14:30:45 +0800] "PUT /nacos/v1/ns/instance/beat?app=unknown&serviceName=DEFAULT_GROUP%40%40gatewat&namespaceId=public&port=8080&clusterName=DEFAULT&ip=192.168.101.3 HTTP/1.1" 200 75 2 Nacos-Java-Client:v1.4.1 -
127.0.0.1 - - [28/Aug/2022:14:30:45 +0800] "PUT /nacos/v1/ns/instance/beat?app=unknown&serviceName=DEFAULT_GROUP%40%40ticket-service&namespaceId=public&port=9006&clusterName=DEFAULT&ip=192.168.101.3 HTTP/1.1" 200 75 2 Nacos-Java-Client:v1.4.1 -
127.0.0.1 - - [28/Aug/2022:14:30:50 +0800] "PUT /nacos/v1/ns/instance/beat?app=unknown&serviceName=DEFAULT_GROUP%40%40ticket-service&namespaceId=public&port=9006&clusterName=DEFAULT&ip=192.168.101.3 HTTP/1.1" 200 75 2 Nacos-Java-Client:v1.4.1 -
127.0.0.1 - - [28/Aug/2022:14:30:50 +0800] "PUT /nacos/v1/ns/instance/beat?app=unknown&serviceName=DEFAULT_GROUP%40%40gatewat&namespaceId=public&port=8080&clusterName=DEFAULT&ip=192.168.101.3 HTTP/1.1" 200 75 3 Nacos-Java-Client:v1.4.1 -
127.0.0.1 - - [28/Aug/2022:14:30:53 +0800] "GET /nacos/v1/ns/instance/list?app=unknown&healthyOnly=false&namespaceId=public&clientIP=192.168.125.1&serviceName=DEFAULT_GROUP%40%40gatewat&udpPort=64812&clusters=DEFAULT HTTP/1.1" 200 555 2 Nacos-Java-Client:v1.4.1 -
127.0.0.1 - - [28/Aug/2022:14:30:54 +0800] "GET /nacos/v1/ns/instance/list?app=unknown&healthyOnly=false&namespaceId=public&clientIP=192.168.125.1&serviceName=DEFAULT_GROUP%40%40ticket-service&udpPort=50109&clusters=DEFAULT HTTP/1.1" 200 583 4 Nacos-Java-Client:v1.4.1 -
127.0.0.1 - - [28/Aug/2022:14:30:55 +0800] "PUT /nacos/v1/ns/instance/beat?app=unknown&serviceName=DEFAULT_GROUP%40%40ticket-service&namespaceId=public&port=9006&clusterName=DEFAULT&ip=192.168.101.3 HTTP/1.1" 200 75 2 Nacos-Java-Client:v1.4.1 -
127.0.0.1 - - [28/Aug/2022:14:30:55 +0800] "PUT /nacos/v1/ns/instance/beat?app=unknown&serviceName=DEFAULT_GROUP%40%40gatewat&namespaceId=public&port=8080&clusterName=DEFAULT&ip=192.168.101.3 HTTP/1.1" 200 75 2 Nacos-Java-Client:v1.4.1 -
127.0.0.1 - - [28/Aug/2022:14:31:00 +0800] "PUT /nacos/v1/ns/instance/beat?app=unknown&serviceName=DEFAULT_GROUP%40%40gatewat&namespaceId=public&port=8080&clusterName=DEFAULT&ip=192.168.101.3 HTTP/1.1" 200 75 2 Nacos-Java-Client:v1.4.1 -
127.0.0.1 - - [28/Aug/2022:14:31:00 +0800] "PUT /nacos/v1/ns/instance/beat?app=unknown&serviceName=DEFAULT_GROUP%40%40ticket-service&namespaceId=public&port=9006&clusterName=DEFAULT&ip=192.168.101.3 HTTP/1.1" 200 75 2 Nacos-Java-Client:v1.4.1 -
127.0.0.1 - - [28/Aug/2022:14:31:03 +0800] "GET /nacos/v1/ns/instance/list?app=unknown&healthyOnly=false&namespaceId=public&clientIP=192.168.125.1&serviceName=DEFAULT_GROUP%40%40gatewat&udpPort=64812&clusters=DEFAULT HTTP/1.1" 200 555 2 Nacos-Java-Client:v1.4.1 -
127.0.0.1 - - [28/Aug/2022:14:31:04 +0800] "GET /nacos/v1/ns/instance/list?app=unknown&healthyOnly=false&namespaceId=public&clientIP=192.168.125.1&serviceName=DEFAULT_GROUP%40%40ticket-service&udpPort=50109&clusters=DEFAULT HTTP/1.1" 200 583 3 Nacos-Java-Client:v1.4.1 -
127.0.0.1 - - [28/Aug/2022:14:31:05 +0800] "PUT /nacos/v1/ns/instance/beat?app=unknown&serviceName=DEFAULT_GROUP%40%40gatewat&namespaceId=public&port=8080&clusterName=DEFAULT&ip=192.168.101.3 HTTP/1.1" 200 75 3 Nacos-Java-Client:v1.4.1 -
127.0.0.1 - - [28/Aug/2022:14:31:05 +0800] "PUT /nacos/v1/ns/instance/beat?app=unknown&serviceName=DEFAULT_GROUP%40%40ticket-service&namespaceId=public&port=9006&clusterName=DEFAULT&ip=192.168.101.3 HTTP/1.1" 200 75 3 Nacos-Java-Client:v1.4.1 -
127.0.0.1 - - [28/Aug/2022:14:31:10 +0800] "PUT /nacos/v1/ns/instance/beat?app=unknown&serviceName=DEFAULT_GROUP%40%40gatewat&namespaceId=public&port=8080&clusterName=DEFAULT&ip=192.168.101.3 HTTP/1.1" 200 75 2 Nacos-Java-Client:v1.4.1 -
127.0.0.1 - - [28/Aug/2022:14:31:10 +0800] "PUT /nacos/v1/ns/instance/beat?app=unknown&serviceName=DEFAULT_GROUP%40%40ticket-service&namespaceId=public&port=9006&clusterName=DEFAULT&ip=192.168.101.3 HTTP/1.1" 200 75 1 Nacos-Java-Client:v1.4.1 -
127.0.0.1 - - [28/Aug/2022:14:31:12 +0800] "POST /nacos/v1/cs/configs/listener HTTP/1.1" 200 - 29504 Java/1.8.0_131 -
127.0.0.1 - - [28/Aug/2022:14:31:12 +0800] "POST /nacos/v1/cs/configs/listener HTTP/1.1" 200 - 29503 Java/1.8.0_131 -
127.0.0.1 - - [28/Aug/2022:14:31:13 +0800] "GET /nacos/v1/ns/instance/list?app=unknown&healthyOnly=false&namespaceId=public&clientIP=192.168.125.1&serviceName=DEFAULT_GROUP%40%40gatewat&udpPort=64812&clusters=DEFAULT HTTP/1.1" 200 555 3 Nacos-Java-Client:v1.4.1 -
127.0.0.1 - - [28/Aug/2022:14:31:14 +0800] "GET /nacos/v1/ns/instance/list?app=unknown&healthyOnly=false&namespaceId=public&clientIP=192.168.125.1&serviceName=DEFAULT_GROUP%40%40ticket-service&udpPort=50109&clusters=DEFAULT HTTP/1.1" 200 583 2 Nacos-Java-Client:v1.4.1 -
127.0.0.1 - - [28/Aug/2022:14:31:15 +0800] "PUT /nacos/v1/ns/instance/beat?app=unknown&serviceName=DEFAULT_GROUP%40%40gatewat&namespaceId=public&port=8080&clusterName=DEFAULT&ip=192.168.101.3 HTTP/1.1" 200 75 2 Nacos-Java-Client:v1.4.1 -
127.0.0.1 - - [28/Aug/2022:14:31:15 +0800] "PUT /nacos/v1/ns/instance/beat?app=unknown&serviceName=DEFAULT_GROUP%40%40ticket-service&namespaceId=public&port=9006&clusterName=DEFAULT&ip=192.168.101.3 HTTP/1.1" 200 75 3 Nacos-Java-Client:v1.4.1 -
127.0.0.1 - - [28/Aug/2022:14:31:20 +0800] "PUT /nacos/v1/ns/instance/beat?app=unknown&serviceName=DEFAULT_GROUP%40%40gatewat&namespaceId=public&port=8080&clusterName=DEFAULT&ip=192.168.101.3 HTTP/1.1" 200 75 2 Nacos-Java-Client:v1.4.1 -
127.0.0.1 - - [28/Aug/2022:14:31:20 +0800] "PUT /nacos/v1/ns/instance/beat?app=unknown&serviceName=DEFAULT_GROUP%40%40ticket-service&namespaceId=public&port=9006&clusterName=DEFAULT&ip=192.168.101.3 HTTP/1.1" 200 75 2 Nacos-Java-Client:v1.4.1 -
127.0.0.1 - - [28/Aug/2022:14:31:23 +0800] "GET /nacos/v1/ns/instance/list?app=unknown&healthyOnly=false&namespaceId=public&clientIP=192.168.125.1&serviceName=DEFAULT_GROUP%40%40gatewat&udpPort=64812&clusters=DEFAULT HTTP/1.1" 200 555 2 Nacos-Java-Client:v1.4.1 -
127.0.0.1 - - [28/Aug/2022:14:31:24 +0800] "GET /nacos/v1/ns/instance/list?app=unknown&healthyOnly=false&namespaceId=public&clientIP=192.168.125.1&serviceName=DEFAULT_GROUP%40%40ticket-service&udpPort=50109&clusters=DEFAULT HTTP/1.1" 200 583 2 Nacos-Java-Client:v1.4.1 -
127.0.0.1 - - [28/Aug/2022:14:31:25 +0800] "PUT /nacos/v1/ns/instance/beat?app=unknown&serviceName=DEFAULT_GROUP%40%40gatewat&namespaceId=public&port=8080&clusterName=DEFAULT&ip=192.168.101.3 HTTP/1.1" 200 75 2 Nacos-Java-Client:v1.4.1 -
127.0.0.1 - - [28/Aug/2022:14:31:25 +0800] "PUT /nacos/v1/ns/instance/beat?app=unknown&serviceName=DEFAULT_GROUP%40%40ticket-service&namespaceId=public&port=9006&clusterName=DEFAULT&ip=192.168.101.3 HTTP/1.1" 200 75 2 Nacos-Java-Client:v1.4.1 -
0:0:0:0:0:0:0:1 - - [28/Aug/2022:14:31:28 +0800] "GET /nacos/v1/cs/configs?&accessToken=eyJhbGciOiJIUzI1NiJ9.eyJzdWIiOiJuYWNvcyIsImV4cCI6MTY2MDIxNzMyOX0.npYTW4eUjQXJCRP6kJXjPQjwzUCDmET92BLnFA-o53I&show=all&dataId=gatewat-dev&group=DEFAULT_GROUP&tenant=&namespaceId= HTTP/1.1" 200 - 3 Mozilla/5.0 (Windows NT 10.0; Win64; x64) AppleWebKit/537.36 (KHTML, like Gecko) Chrome/104.0.0.0 Safari/537.36 -
0:0:0:0:0:0:0:1 - - [28/Aug/2022:14:31:28 +0800] "POST /nacos/v1/cs/configs?&accessToken=eyJhbGciOiJIUzI1NiJ9.eyJzdWIiOiJuYWNvcyIsImV4cCI6MTY2MDIxNzMyOX0.npYTW4eUjQXJCRP6kJXjPQjwzUCDmET92BLnFA-o53I HTTP/1.1" 200 14 19 Mozilla/5.0 (Windows NT 10.0; Win64; x64) AppleWebKit/537.36 (KHTML, like Gecko) Chrome/104.0.0.0 Safari/537.36 -
192.168.101.3 - - [28/Aug/2022:14:31:28 +0800] "GET /nacos/v1/cs/communication/dataChange?dataId=gatewat-dev&group=DEFAULT_GROUP HTTP/1.1" 200 14 3 Apache-HttpAsyncClient/4.1.3 (Java/1.8.0_131) -
127.0.0.1 - - [28/Aug/2022:14:31:30 +0800] "PUT /nacos/v1/ns/instance/beat?app=unknown&serviceName=DEFAULT_GROUP%40%40gatewat&namespaceId=public&port=8080&clusterName=DEFAULT&ip=192.168.101.3 HTTP/1.1" 200 75 2 Nacos-Java-Client:v1.4.1 -
127.0.0.1 - - [28/Aug/2022:14:31:30 +0800] "PUT /nacos/v1/ns/instance/beat?app=unknown&serviceName=DEFAULT_GROUP%40%40ticket-service&namespaceId=public&port=9006&clusterName=DEFAULT&ip=192.168.101.3 HTTP/1.1" 200 75 2 Nacos-Java-Client:v1.4.1 -
127.0.0.1 - - [28/Aug/2022:14:31:33 +0800] "GET /nacos/v1/ns/instance/list?app=unknown&healthyOnly=false&namespaceId=public&clientIP=192.168.125.1&serviceName=DEFAULT_GROUP%40%40gatewat&udpPort=64812&clusters=DEFAULT HTTP/1.1" 200 555 2 Nacos-Java-Client:v1.4.1 -
127.0.0.1 - - [28/Aug/2022:14:31:34 +0800] "GET /nacos/v1/ns/instance/list?app=unknown&healthyOnly=false&namespaceId=public&clientIP=192.168.125.1&serviceName=DEFAULT_GROUP%40%40ticket-service&udpPort=50109&clusters=DEFAULT HTTP/1.1" 200 583 2 Nacos-Java-Client:v1.4.1 -
127.0.0.1 - - [28/Aug/2022:14:31:35 +0800] "PUT /nacos/v1/ns/instance/beat?app=unknown&serviceName=DEFAULT_GROUP%40%40gatewat&namespaceId=public&port=8080&clusterName=DEFAULT&ip=192.168.101.3 HTTP/1.1" 200 75 3 Nacos-Java-Client:v1.4.1 -
127.0.0.1 - - [28/Aug/2022:14:31:35 +0800] "PUT /nacos/v1/ns/instance/beat?app=unknown&serviceName=DEFAULT_GROUP%40%40ticket-service&namespaceId=public&port=9006&clusterName=DEFAULT&ip=192.168.101.3 HTTP/1.1" 200 75 2 Nacos-Java-Client:v1.4.1 -
127.0.0.1 - - [28/Aug/2022:14:31:40 +0800] "PUT /nacos/v1/ns/instance/beat?app=unknown&serviceName=DEFAULT_GROUP%40%40ticket-service&namespaceId=public&port=9006&clusterName=DEFAULT&ip=192.168.101.3 HTTP/1.1" 200 75 2 Nacos-Java-Client:v1.4.1 -
127.0.0.1 - - [28/Aug/2022:14:31:40 +0800] "PUT /nacos/v1/ns/instance/beat?app=unknown&serviceName=DEFAULT_GROUP%40%40gatewat&namespaceId=public&port=8080&clusterName=DEFAULT&ip=192.168.101.3 HTTP/1.1" 200 75 2 Nacos-Java-Client:v1.4.1 -
127.0.0.1 - - [28/Aug/2022:14:31:41 +0800] "POST /nacos/v1/cs/configs/listener HTTP/1.1" 200 - 29510 Java/1.8.0_131 -
127.0.0.1 - - [28/Aug/2022:14:31:41 +0800] "POST /nacos/v1/cs/configs/listener HTTP/1.1" 200 - 29514 Java/1.8.0_131 -
127.0.0.1 - - [28/Aug/2022:14:31:43 +0800] "GET /nacos/v1/ns/instance/list?app=unknown&healthyOnly=false&namespaceId=public&clientIP=192.168.125.1&serviceName=DEFAULT_GROUP%40%40gatewat&udpPort=64812&clusters=DEFAULT HTTP/1.1" 200 555 2 Nacos-Java-Client:v1.4.1 -
127.0.0.1 - - [28/Aug/2022:14:31:44 +0800] "GET /nacos/v1/ns/instance/list?app=unknown&healthyOnly=false&namespaceId=public&clientIP=192.168.125.1&serviceName=DEFAULT_GROUP%40%40ticket-service&udpPort=50109&clusters=DEFAULT HTTP/1.1" 200 583 4 Nacos-Java-Client:v1.4.1 -
127.0.0.1 - - [28/Aug/2022:14:31:45 +0800] "PUT /nacos/v1/ns/instance/beat?app=unknown&serviceName=DEFAULT_GROUP%40%40gatewat&namespaceId=public&port=8080&clusterName=DEFAULT&ip=192.168.101.3 HTTP/1.1" 200 75 3 Nacos-Java-Client:v1.4.1 -
127.0.0.1 - - [28/Aug/2022:14:31:45 +0800] "PUT /nacos/v1/ns/instance/beat?app=unknown&serviceName=DEFAULT_GROUP%40%40ticket-service&namespaceId=public&port=9006&clusterName=DEFAULT&ip=192.168.101.3 HTTP/1.1" 200 75 2 Nacos-Java-Client:v1.4.1 -
127.0.0.1 - - [28/Aug/2022:14:31:50 +0800] "PUT /nacos/v1/ns/instance/beat?app=unknown&serviceName=DEFAULT_GROUP%40%40gatewat&namespaceId=public&port=8080&clusterName=DEFAULT&ip=192.168.101.3 HTTP/1.1" 200 75 2 Nacos-Java-Client:v1.4.1 -
127.0.0.1 - - [28/Aug/2022:14:31:50 +0800] "PUT /nacos/v1/ns/instance/beat?app=unknown&serviceName=DEFAULT_GROUP%40%40ticket-service&namespaceId=public&port=9006&clusterName=DEFAULT&ip=192.168.101.3 HTTP/1.1" 200 75 2 Nacos-Java-Client:v1.4.1 -
127.0.0.1 - - [28/Aug/2022:14:31:59 +0800] "GET /nacos/v1/cs/configs?dataId=common.yaml&group=DEFAULT_GROUP HTTP/1.1" 200 528 3 Java/1.8.0_131 -
127.0.0.1 - - [28/Aug/2022:14:31:59 +0800] "GET /nacos/v1/cs/configs?dataId=gatewat&group=DEFAULT_GROUP HTTP/1.1" 404 23 2 Java/1.8.0_131 -
127.0.0.1 - - [28/Aug/2022:14:31:59 +0800] "GET /nacos/v1/cs/configs?dataId=gatewat.yaml&group=DEFAULT_GROUP HTTP/1.1" 404 23 2 Java/1.8.0_131 -
127.0.0.1 - - [28/Aug/2022:14:31:59 +0800] "GET /nacos/v1/cs/configs?dataId=gatewat-dev.yaml&group=DEFAULT_GROUP HTTP/1.1" 404 23 2 Java/1.8.0_131 -
127.0.0.1 - - [28/Aug/2022:14:32:04 +0800] "GET /nacos/v1/ns/instance/list?app=unknown&healthyOnly=false&namespaceId=public&clientIP=192.168.125.1&serviceName=DEFAULT_GROUP%40%40gatewat&udpPort=54286&clusters=DEFAULT HTTP/1.1" 200 555 2 Nacos-Java-Client:v1.4.1 -
127.0.0.1 - - [28/Aug/2022:14:32:05 +0800] "GET /nacos/v1/ns/instance/list?app=unknown&healthyOnly=false&namespaceId=public&clientIP=192.168.125.1&serviceName=DEFAULT_GROUP%40%40gatewat&udpPort=54286&clusters=DEFAULT HTTP/1.1" 200 555 2 Nacos-Java-Client:v1.4.1 -
127.0.0.1 - - [28/Aug/2022:14:32:07 +0800] "POST /nacos/v1/ns/instance?app=unknown&groupName=DEFAULT_GROUP&metadata=%7B%22preserved.register.source%22%3A%22SPRING_CLOUD%22%7D&namespaceId=public&port=8080&enable=true&healthy=true&clusterName=DEFAULT&ip=192.168.101.3&weight=1.0&ephemeral=true&serviceName=DEFAULT_GROUP%40%40gatewat HTTP/1.1" 200 2 2 Nacos-Java-Client:v1.4.1 -
127.0.0.1 - - [28/Aug/2022:14:32:07 +0800] "POST /nacos/v1/cs/configs/listener HTTP/1.1" 200 - 2 Java/1.8.0_131 -
127.0.0.1 - - [28/Aug/2022:14:32:11 +0800] "POST /nacos/v1/cs/configs/listener HTTP/1.1" 500 - 29507 Java/1.8.0_131 -
127.0.0.1 - - [28/Aug/2022:14:32:11 +0800] "POST /nacos/v1/cs/configs/listener HTTP/1.1" 500 - 29507 Java/1.8.0_131 -
127.0.0.1 - - [28/Aug/2022:14:32:12 +0800] "PUT /nacos/v1/ns/instance/beat?app=unknown&serviceName=DEFAULT_GROUP%40%40gatewat&namespaceId=public&port=8080&clusterName=DEFAULT&ip=192.168.101.3 HTTP/1.1" 200 75 3 Nacos-Java-Client:v1.4.1 -
127.0.0.1 - - [28/Aug/2022:14:32:16 +0800] "GET /nacos/v1/ns/instance/list?app=unknown&healthyOnly=false&namespaceId=public&clientIP=192.168.125.1&serviceName=DEFAULT_GROUP%40%40gatewat&udpPort=54286&clusters=DEFAULT HTTP/1.1" 200 555 3 Nacos-Java-Client:v1.4.1 -
127.0.0.1 - - [28/Aug/2022:14:32:17 +0800] "PUT /nacos/v1/ns/instance/beat?app=unknown&serviceName=DEFAULT_GROUP%40%40gatewat&namespaceId=public&port=8080&clusterName=DEFAULT&ip=192.168.101.3 HTTP/1.1" 200 75 2 Nacos-Java-Client:v1.4.1 -
127.0.0.1 - - [28/Aug/2022:14:32:18 +0800] "GET /nacos/v1/cs/configs?dataId=common.yaml&group=DEFAULT_GROUP HTTP/1.1" 200 528 2 Java/1.8.0_131 -
127.0.0.1 - - [28/Aug/2022:14:32:18 +0800] "GET /nacos/v1/cs/configs?dataId=db.yaml&group=DEFAULT_GROUP HTTP/1.1" 200 645 3 Java/1.8.0_131 -
127.0.0.1 - - [28/Aug/2022:14:32:18 +0800] "GET /nacos/v1/cs/configs?dataId=ticket-service&group=DEFAULT_GROUP HTTP/1.1" 404 23 2 Java/1.8.0_131 -
127.0.0.1 - - [28/Aug/2022:14:32:18 +0800] "GET /nacos/v1/cs/configs?dataId=ticket-service.yaml&group=DEFAULT_GROUP HTTP/1.1" 404 23 2 Java/1.8.0_131 -
127.0.0.1 - - [28/Aug/2022:14:32:18 +0800] "GET /nacos/v1/cs/configs?dataId=ticket-service-dev.yaml&group=DEFAULT_GROUP HTTP/1.1" 200 32 3 Java/1.8.0_131 -
127.0.0.1 - - [28/Aug/2022:14:32:22 +0800] "PUT /nacos/v1/ns/instance/beat?app=unknown&serviceName=DEFAULT_GROUP%40%40gatewat&namespaceId=public&port=8080&clusterName=DEFAULT&ip=192.168.101.3 HTTP/1.1" 200 75 2 Nacos-Java-Client:v1.4.1 -
127.0.0.1 - - [28/Aug/2022:14:32:25 +0800] "DELETE /nacos/v1/ns/instance?ephemeral=true&serviceName=DEFAULT_GROUP@@ticket-service&port=9006&namespaceId=public&ip=192.168.101.3&clusterName=DEFAULT&?encoding=UTF-8&nofix=1 HTTP/1.1" 200 2 2 Nacos-Server:1.4.1 -
127.0.0.1 - - [28/Aug/2022:14:32:26 +0800] "GET /nacos/v1/ns/instance/list?app=unknown&healthyOnly=false&namespaceId=public&clientIP=192.168.125.1&serviceName=DEFAULT_GROUP%40%40gatewat&udpPort=54286&clusters=DEFAULT HTTP/1.1" 200 555 2 Nacos-Java-Client:v1.4.1 -
127.0.0.1 - - [28/Aug/2022:14:32:27 +0800] "PUT /nacos/v1/ns/instance/beat?app=unknown&serviceName=DEFAULT_GROUP%40%40gatewat&namespaceId=public&port=8080&clusterName=DEFAULT&ip=192.168.101.3 HTTP/1.1" 200 75 2 Nacos-Java-Client:v1.4.1 -
127.0.0.1 - - [28/Aug/2022:14:32:32 +0800] "PUT /nacos/v1/ns/instance/beat?app=unknown&serviceName=DEFAULT_GROUP%40%40gatewat&namespaceId=public&port=8080&clusterName=DEFAULT&ip=192.168.101.3 HTTP/1.1" 200 75 2 Nacos-Java-Client:v1.4.1 -
127.0.0.1 - - [28/Aug/2022:14:32:36 +0800] "GET /nacos/v1/ns/instance/list?app=unknown&healthyOnly=false&namespaceId=public&clientIP=192.168.125.1&serviceName=DEFAULT_GROUP%40%40gatewat&udpPort=54286&clusters=DEFAULT HTTP/1.1" 200 555 2 Nacos-Java-Client:v1.4.1 -
127.0.0.1 - - [28/Aug/2022:14:32:36 +0800] "POST /nacos/v1/cs/configs/listener HTTP/1.1" 200 - 29502 Java/1.8.0_131 -
127.0.0.1 - - [28/Aug/2022:14:32:37 +0800] "PUT /nacos/v1/ns/instance/beat?app=unknown&serviceName=DEFAULT_GROUP%40%40gatewat&namespaceId=public&port=8080&clusterName=DEFAULT&ip=192.168.101.3 HTTP/1.1" 200 75 2 Nacos-Java-Client:v1.4.1 -
127.0.0.1 - - [28/Aug/2022:14:32:42 +0800] "PUT /nacos/v1/ns/instance/beat?app=unknown&serviceName=DEFAULT_GROUP%40%40gatewat&namespaceId=public&port=8080&clusterName=DEFAULT&ip=192.168.101.3 HTTP/1.1" 200 75 1 Nacos-Java-Client:v1.4.1 -
127.0.0.1 - - [28/Aug/2022:14:32:46 +0800] "GET /nacos/v1/ns/instance/list?app=unknown&healthyOnly=false&namespaceId=public&clientIP=192.168.125.1&serviceName=DEFAULT_GROUP%40%40gatewat&udpPort=54286&clusters=DEFAULT HTTP/1.1" 200 555 2 Nacos-Java-Client:v1.4.1 -
127.0.0.1 - - [28/Aug/2022:14:32:47 +0800] "PUT /nacos/v1/ns/instance/beat?app=unknown&serviceName=DEFAULT_GROUP%40%40gatewat&namespaceId=public&port=8080&clusterName=DEFAULT&ip=192.168.101.3 HTTP/1.1" 200 75 2 Nacos-Java-Client:v1.4.1 -
127.0.0.1 - - [28/Aug/2022:14:32:52 +0800] "PUT /nacos/v1/ns/instance/beat?app=unknown&serviceName=DEFAULT_GROUP%40%40gatewat&namespaceId=public&port=8080&clusterName=DEFAULT&ip=192.168.101.3 HTTP/1.1" 200 75 2 Nacos-Java-Client:v1.4.1 -
127.0.0.1 - - [28/Aug/2022:14:32:56 +0800] "GET /nacos/v1/ns/instance/list?app=unknown&healthyOnly=false&namespaceId=public&clientIP=192.168.125.1&serviceName=DEFAULT_GROUP%40%40gatewat&udpPort=54286&clusters=DEFAULT HTTP/1.1" 200 555 2 Nacos-Java-Client:v1.4.1 -
127.0.0.1 - - [28/Aug/2022:14:32:57 +0800] "PUT /nacos/v1/ns/instance/beat?app=unknown&serviceName=DEFAULT_GROUP%40%40gatewat&namespaceId=public&port=8080&clusterName=DEFAULT&ip=192.168.101.3 HTTP/1.1" 200 75 2 Nacos-Java-Client:v1.4.1 -
127.0.0.1 - - [28/Aug/2022:14:33:02 +0800] "PUT /nacos/v1/ns/instance/beat?app=unknown&serviceName=DEFAULT_GROUP%40%40gatewat&namespaceId=public&port=8080&clusterName=DEFAULT&ip=192.168.101.3 HTTP/1.1" 200 75 2 Nacos-Java-Client:v1.4.1 -
127.0.0.1 - - [28/Aug/2022:14:33:06 +0800] "GET /nacos/v1/ns/instance/list?app=unknown&healthyOnly=false&namespaceId=public&clientIP=192.168.125.1&serviceName=DEFAULT_GROUP%40%40gatewat&udpPort=54286&clusters=DEFAULT HTTP/1.1" 200 555 1 Nacos-Java-Client:v1.4.1 -
127.0.0.1 - - [28/Aug/2022:14:33:06 +0800] "POST /nacos/v1/cs/configs/listener HTTP/1.1" 200 - 29506 Java/1.8.0_131 -
127.0.0.1 - - [28/Aug/2022:14:33:07 +0800] "PUT /nacos/v1/ns/instance/beat?app=unknown&serviceName=DEFAULT_GROUP%40%40gatewat&namespaceId=public&port=8080&clusterName=DEFAULT&ip=192.168.101.3 HTTP/1.1" 200 75 2 Nacos-Java-Client:v1.4.1 -
127.0.0.1 - - [28/Aug/2022:14:33:12 +0800] "PUT /nacos/v1/ns/instance/beat?app=unknown&serviceName=DEFAULT_GROUP%40%40gatewat&namespaceId=public&port=8080&clusterName=DEFAULT&ip=192.168.101.3 HTTP/1.1" 200 75 2 Nacos-Java-Client:v1.4.1 -
0:0:0:0:0:0:0:1 - - [28/Aug/2022:14:33:15 +0800] "GET /nacos/v1/cs/configs?dataId=&group=&appName=&config_tags=&pageNo=1&pageSize=10&tenant=&search=accurate&accessToken=eyJhbGciOiJIUzI1NiJ9.eyJzdWIiOiJuYWNvcyIsImV4cCI6MTY2MDIxNzMyOX0.npYTW4eUjQXJCRP6kJXjPQjwzUCDmET92BLnFA-o53I HTTP/1.1" 200 2781 3 Mozilla/5.0 (Windows NT 10.0; Win64; x64) AppleWebKit/537.36 (KHTML, like Gecko) Chrome/104.0.0.0 Safari/537.36 -
127.0.0.1 - - [28/Aug/2022:14:33:16 +0800] "GET /nacos/v1/ns/instance/list?app=unknown&healthyOnly=false&namespaceId=public&clientIP=192.168.125.1&serviceName=DEFAULT_GROUP%40%40gatewat&udpPort=54286&clusters=DEFAULT HTTP/1.1" 200 555 2 Nacos-Java-Client:v1.4.1 -
127.0.0.1 - - [28/Aug/2022:14:33:17 +0800] "PUT /nacos/v1/ns/instance/beat?app=unknown&serviceName=DEFAULT_GROUP%40%40gatewat&namespaceId=public&port=8080&clusterName=DEFAULT&ip=192.168.101.3 HTTP/1.1" 200 75 2 Nacos-Java-Client:v1.4.1 -
0:0:0:0:0:0:0:1 - - [28/Aug/2022:14:33:19 +0800] "DELETE /nacos/v1/cs/configs?dataId=common.yaml&group=DEFAULT_GROUP&tenant=&accessToken=eyJhbGciOiJIUzI1NiJ9.eyJzdWIiOiJuYWNvcyIsImV4cCI6MTY2MDIxNzMyOX0.npYTW4eUjQXJCRP6kJXjPQjwzUCDmET92BLnFA-o53I HTTP/1.1" 200 14 94 Mozilla/5.0 (Windows NT 10.0; Win64; x64) AppleWebKit/537.36 (KHTML, like Gecko) Chrome/104.0.0.0 Safari/537.36 -
192.168.101.3 - - [28/Aug/2022:14:33:19 +0800] "GET /nacos/v1/cs/communication/dataChange?dataId=common.yaml&group=DEFAULT_GROUP HTTP/1.1" 200 14 2 Apache-HttpAsyncClient/4.1.3 (Java/1.8.0_131) -
127.0.0.1 - - [28/Aug/2022:14:33:19 +0800] "POST /nacos/v1/cs/configs/listener HTTP/1.1" 200 32 12996 Java/1.8.0_131 -
127.0.0.1 - - [28/Aug/2022:14:33:19 +0800] "GET /nacos/v1/cs/configs?dataId=common.yaml&group=DEFAULT_GROUP HTTP/1.1" 404 23 2 Java/1.8.0_131 -
0:0:0:0:0:0:0:1 - - [28/Aug/2022:14:33:19 +0800] "GET /nacos/v1/cs/configs?dataId=&group=&appName=&config_tags=&pageNo=1&pageSize=10&tenant=&search=accurate&accessToken=eyJhbGciOiJIUzI1NiJ9.eyJzdWIiOiJuYWNvcyIsImV4cCI6MTY2MDIxNzMyOX0.npYTW4eUjQXJCRP6kJXjPQjwzUCDmET92BLnFA-o53I HTTP/1.1" 200 2102 5 Mozilla/5.0 (Windows NT 10.0; Win64; x64) AppleWebKit/537.36 (KHTML, like Gecko) Chrome/104.0.0.0 Safari/537.36 -
127.0.0.1 - - [28/Aug/2022:14:33:20 +0800] "GET /nacos/v1/cs/configs?dataId=common.yaml&group=DEFAULT_GROUP HTTP/1.1" 404 23 2 Java/1.8.0_131 -
127.0.0.1 - - [28/Aug/2022:14:33:20 +0800] "GET /nacos/v1/cs/configs?dataId=gatewat&group=DEFAULT_GROUP HTTP/1.1" 404 23 1 Java/1.8.0_131 -
127.0.0.1 - - [28/Aug/2022:14:33:20 +0800] "GET /nacos/v1/cs/configs?dataId=gatewat.yaml&group=DEFAULT_GROUP HTTP/1.1" 404 23 1 Java/1.8.0_131 -
127.0.0.1 - - [28/Aug/2022:14:33:20 +0800] "GET /nacos/v1/cs/configs?dataId=gatewat-dev.yaml&group=DEFAULT_GROUP HTTP/1.1" 404 23 1 Java/1.8.0_131 -
0:0:0:0:0:0:0:1 - - [28/Aug/2022:14:33:21 +0800] "DELETE /nacos/v1/cs/configs?dataId=db.yaml&group=DEFAULT_GROUP&tenant=&accessToken=eyJhbGciOiJIUzI1NiJ9.eyJzdWIiOiJuYWNvcyIsImV4cCI6MTY2MDIxNzMyOX0.npYTW4eUjQXJCRP6kJXjPQjwzUCDmET92BLnFA-o53I HTTP/1.1" 200 14 8 Mozilla/5.0 (Windows NT 10.0; Win64; x64) AppleWebKit/537.36 (KHTML, like Gecko) Chrome/104.0.0.0 Safari/537.36 -
192.168.101.3 - - [28/Aug/2022:14:33:21 +0800] "GET /nacos/v1/cs/communication/dataChange?dataId=db.yaml&group=DEFAULT_GROUP HTTP/1.1" 200 14 2 Apache-HttpAsyncClient/4.1.3 (Java/1.8.0_131) -
0:0:0:0:0:0:0:1 - - [28/Aug/2022:14:33:21 +0800] "GET /nacos/v1/cs/configs?dataId=&group=&appName=&config_tags=&pageNo=1&pageSize=10&tenant=&search=accurate&accessToken=eyJhbGciOiJIUzI1NiJ9.eyJzdWIiOiJuYWNvcyIsImV4cCI6MTY2MDIxNzMyOX0.npYTW4eUjQXJCRP6kJXjPQjwzUCDmET92BLnFA-o53I HTTP/1.1" 200 1317 4 Mozilla/5.0 (Windows NT 10.0; Win64; x64) AppleWebKit/537.36 (KHTML, like Gecko) Chrome/104.0.0.0 Safari/537.36 -
127.0.0.1 - - [28/Aug/2022:14:33:22 +0800] "PUT /nacos/v1/ns/instance/beat?app=unknown&serviceName=DEFAULT_GROUP%40%40gatewat&namespaceId=public&port=8080&clusterName=DEFAULT&ip=192.168.101.3 HTTP/1.1" 200 75 2 Nacos-Java-Client:v1.4.1 -
0:0:0:0:0:0:0:1 - - [28/Aug/2022:14:33:24 +0800] "DELETE /nacos/v1/cs/configs?dataId=ticket-service-dev.yaml&group=DEFAULT_GROUP&tenant=&accessToken=eyJhbGciOiJIUzI1NiJ9.eyJzdWIiOiJuYWNvcyIsImV4cCI6MTY2MDIxNzMyOX0.npYTW4eUjQXJCRP6kJXjPQjwzUCDmET92BLnFA-o53I HTTP/1.1" 200 14 6 Mozilla/5.0 (Windows NT 10.0; Win64; x64) AppleWebKit/537.36 (KHTML, like Gecko) Chrome/104.0.0.0 Safari/537.36 -
192.168.101.3 - - [28/Aug/2022:14:33:24 +0800] "GET /nacos/v1/cs/communication/dataChange?dataId=ticket-service-dev.yaml&group=DEFAULT_GROUP HTTP/1.1" 200 14 2 Apache-HttpAsyncClient/4.1.3 (Java/1.8.0_131) -
0:0:0:0:0:0:0:1 - - [28/Aug/2022:14:33:24 +0800] "GET /nacos/v1/cs/configs?dataId=&group=&appName=&config_tags=&pageNo=1&pageSize=10&tenant=&search=accurate&accessToken=eyJhbGciOiJIUzI1NiJ9.eyJzdWIiOiJuYWNvcyIsImV4cCI6MTY2MDIxNzMyOX0.npYTW4eUjQXJCRP6kJXjPQjwzUCDmET92BLnFA-o53I HTTP/1.1" 200 1144 3 Mozilla/5.0 (Windows NT 10.0; Win64; x64) AppleWebKit/537.36 (KHTML, like Gecko) Chrome/104.0.0.0 Safari/537.36 -
127.0.0.1 - - [28/Aug/2022:14:33:26 +0800] "GET /nacos/v1/ns/instance/list?app=unknown&healthyOnly=false&namespaceId=public&clientIP=192.168.125.1&serviceName=DEFAULT_GROUP%40%40gatewat&udpPort=54286&clusters=DEFAULT HTTP/1.1" 200 555 2 Nacos-Java-Client:v1.4.1 -
0:0:0:0:0:0:0:1 - - [28/Aug/2022:14:33:27 +0800] "DELETE /nacos/v1/cs/configs?dataId=gatewat-dev&group=DEFAULT_GROUP&tenant=&accessToken=eyJhbGciOiJIUzI1NiJ9.eyJzdWIiOiJuYWNvcyIsImV4cCI6MTY2MDIxNzMyOX0.npYTW4eUjQXJCRP6kJXjPQjwzUCDmET92BLnFA-o53I HTTP/1.1" 200 14 14 Mozilla/5.0 (Windows NT 10.0; Win64; x64) AppleWebKit/537.36 (KHTML, like Gecko) Chrome/104.0.0.0 Safari/537.36 -
192.168.101.3 - - [28/Aug/2022:14:33:27 +0800] "GET /nacos/v1/cs/communication/dataChange?dataId=gatewat-dev&group=DEFAULT_GROUP HTTP/1.1" 200 14 1 Apache-HttpAsyncClient/4.1.3 (Java/1.8.0_131) -
0:0:0:0:0:0:0:1 - - [28/Aug/2022:14:33:27 +0800] "GET /nacos/v1/cs/configs?dataId=&group=&appName=&config_tags=&pageNo=1&pageSize=10&tenant=&search=accurate&accessToken=eyJhbGciOiJIUzI1NiJ9.eyJzdWIiOiJuYWNvcyIsImV4cCI6MTY2MDIxNzMyOX0.npYTW4eUjQXJCRP6kJXjPQjwzUCDmET92BLnFA-o53I HTTP/1.1" 200 76 3 Mozilla/5.0 (Windows NT 10.0; Win64; x64) AppleWebKit/537.36 (KHTML, like Gecko) Chrome/104.0.0.0 Safari/537.36 -
127.0.0.1 - - [28/Aug/2022:14:33:27 +0800] "PUT /nacos/v1/ns/instance/beat?app=unknown&serviceName=DEFAULT_GROUP%40%40gatewat&namespaceId=public&port=8080&clusterName=DEFAULT&ip=192.168.101.3 HTTP/1.1" 200 75 2 Nacos-Java-Client:v1.4.1 -
127.0.0.1 - - [28/Aug/2022:14:33:32 +0800] "PUT /nacos/v1/ns/instance/beat?app=unknown&serviceName=DEFAULT_GROUP%40%40gatewat&namespaceId=public&port=8080&clusterName=DEFAULT&ip=192.168.101.3 HTTP/1.1" 200 75 2 Nacos-Java-Client:v1.4.1 -
127.0.0.1 - - [28/Aug/2022:14:33:36 +0800] "GET /nacos/v1/ns/instance/list?app=unknown&healthyOnly=false&namespaceId=public&clientIP=192.168.125.1&serviceName=DEFAULT_GROUP%40%40gatewat&udpPort=54286&clusters=DEFAULT HTTP/1.1" 200 555 2 Nacos-Java-Client:v1.4.1 -
127.0.0.1 - - [28/Aug/2022:14:33:37 +0800] "PUT /nacos/v1/ns/instance/beat?app=unknown&serviceName=DEFAULT_GROUP%40%40gatewat&namespaceId=public&port=8080&clusterName=DEFAULT&ip=192.168.101.3 HTTP/1.1" 200 75 2 Nacos-Java-Client:v1.4.1 -
127.0.0.1 - - [28/Aug/2022:14:33:42 +0800] "PUT /nacos/v1/ns/instance/beat?app=unknown&serviceName=DEFAULT_GROUP%40%40gatewat&namespaceId=public&port=8080&clusterName=DEFAULT&ip=192.168.101.3 HTTP/1.1" 200 75 2 Nacos-Java-Client:v1.4.1 -
127.0.0.1 - - [28/Aug/2022:14:33:46 +0800] "GET /nacos/v1/ns/instance/list?app=unknown&healthyOnly=false&namespaceId=public&clientIP=192.168.125.1&serviceName=DEFAULT_GROUP%40%40gatewat&udpPort=54286&clusters=DEFAULT HTTP/1.1" 200 555 2 Nacos-Java-Client:v1.4.1 -
127.0.0.1 - - [28/Aug/2022:14:33:47 +0800] "PUT /nacos/v1/ns/instance/beat?app=unknown&serviceName=DEFAULT_GROUP%40%40gatewat&namespaceId=public&port=8080&clusterName=DEFAULT&ip=192.168.101.3 HTTP/1.1" 200 75 1 Nacos-Java-Client:v1.4.1 -
127.0.0.1 - - [28/Aug/2022:14:33:50 +0800] "POST /nacos/v1/cs/configs/listener HTTP/1.1" 200 - 29515 Java/1.8.0_131 -
127.0.0.1 - - [28/Aug/2022:14:33:52 +0800] "PUT /nacos/v1/ns/instance/beat?app=unknown&serviceName=DEFAULT_GROUP%40%40gatewat&namespaceId=public&port=8080&clusterName=DEFAULT&ip=192.168.101.3 HTTP/1.1" 200 75 2 Nacos-Java-Client:v1.4.1 -
127.0.0.1 - - [28/Aug/2022:14:33:56 +0800] "GET /nacos/v1/ns/instance/list?app=unknown&healthyOnly=false&namespaceId=public&clientIP=192.168.125.1&serviceName=DEFAULT_GROUP%40%40gatewat&udpPort=54286&clusters=DEFAULT HTTP/1.1" 200 555 4 Nacos-Java-Client:v1.4.1 -
127.0.0.1 - - [28/Aug/2022:14:33:57 +0800] "PUT /nacos/v1/ns/instance/beat?app=unknown&serviceName=DEFAULT_GROUP%40%40gatewat&namespaceId=public&port=8080&clusterName=DEFAULT&ip=192.168.101.3 HTTP/1.1" 200 75 2 Nacos-Java-Client:v1.4.1 -
127.0.0.1 - - [28/Aug/2022:14:34:02 +0800] "PUT /nacos/v1/ns/instance/beat?app=unknown&serviceName=DEFAULT_GROUP%40%40gatewat&namespaceId=public&port=8080&clusterName=DEFAULT&ip=192.168.101.3 HTTP/1.1" 200 75 2 Nacos-Java-Client:v1.4.1 -
127.0.0.1 - - [28/Aug/2022:14:34:06 +0800] "GET /nacos/v1/ns/instance/list?app=unknown&healthyOnly=false&namespaceId=public&clientIP=192.168.125.1&serviceName=DEFAULT_GROUP%40%40gatewat&udpPort=54286&clusters=DEFAULT HTTP/1.1" 200 555 2 Nacos-Java-Client:v1.4.1 -
127.0.0.1 - - [28/Aug/2022:14:34:07 +0800] "PUT /nacos/v1/ns/instance/beat?app=unknown&serviceName=DEFAULT_GROUP%40%40gatewat&namespaceId=public&port=8080&clusterName=DEFAULT&ip=192.168.101.3 HTTP/1.1" 200 75 2 Nacos-Java-Client:v1.4.1 -
192.168.101.3 - - [28/Aug/2022:14:34:10 +0800] "GET /nacos/v1/cs/communication/dataChange?dataId=admin-service-dev.yaml&group=DEFAULT_GROUP HTTP/1.1" 200 14 3 Apache-HttpAsyncClient/4.1.3 (Java/1.8.0_131) -
0:0:0:0:0:0:0:1 - - [28/Aug/2022:14:34:10 +0800] "POST /nacos/v1/cs/configs?import=true&namespace=&accessToken=eyJhbGciOiJIUzI1NiJ9.eyJzdWIiOiJuYWNvcyIsImV4cCI6MTY2MDIxNzMyOX0.npYTW4eUjQXJCRP6kJXjPQjwzUCDmET92BLnFA-o53I HTTP/1.1" 200 85 91 Mozilla/5.0 (Windows NT 10.0; Win64; x64) AppleWebKit/537.36 (KHTML, like Gecko) Chrome/104.0.0.0 Safari/537.36 -
192.168.101.3 - - [28/Aug/2022:14:34:10 +0800] "GET /nacos/v1/cs/communication/dataChange?dataId=auth-center-dev.yaml&group=DEFAULT_GROUP HTTP/1.1" 200 14 4 Apache-HttpAsyncClient/4.1.3 (Java/1.8.0_131) -
192.168.101.3 - - [28/Aug/2022:14:34:10 +0800] "GET /nacos/v1/cs/communication/dataChange?dataId=common.yaml&group=DEFAULT_GROUP HTTP/1.1" 200 14 3 Apache-HttpAsyncClient/4.1.3 (Java/1.8.0_131) -
192.168.101.3 - - [28/Aug/2022:14:34:10 +0800] "GET /nacos/v1/cs/communication/dataChange?dataId=gateway-dev.yaml&group=DEFAULT_GROUP HTTP/1.1" 200 14 3 Apache-HttpAsyncClient/4.1.3 (Java/1.8.0_131) -
192.168.101.3 - - [28/Aug/2022:14:34:10 +0800] "GET /nacos/v1/cs/communication/dataChange?dataId=db.yaml&group=DEFAULT_GROUP HTTP/1.1" 200 14 2 Apache-HttpAsyncClient/4.1.3 (Java/1.8.0_131) -
192.168.101.3 - - [28/Aug/2022:14:34:10 +0800] "GET /nacos/v1/cs/communication/dataChange?dataId=security.yaml&group=DEFAULT_GROUP HTTP/1.1" 200 14 2 Apache-HttpAsyncClient/4.1.3 (Java/1.8.0_131) -
192.168.101.3 - - [28/Aug/2022:14:34:10 +0800] "GET /nacos/v1/cs/communication/dataChange?dataId=order-service-dev.yaml&group=DEFAULT_GROUP HTTP/1.1" 200 14 3 Apache-HttpAsyncClient/4.1.3 (Java/1.8.0_131) -
192.168.101.3 - - [28/Aug/2022:14:34:10 +0800] "GET /nacos/v1/cs/communication/dataChange?dataId=ticket-service-dev.yaml&group=DEFAULT_GROUP HTTP/1.1" 200 14 3 Apache-HttpAsyncClient/4.1.3 (Java/1.8.0_131) -
